// Vitest Snapshot v1, https://vitest.dev/guide/snapshot.html

exports[`<HtmlContent /> > should match snapshot 1`] = `
.c0 {
  font-size: 2.4rem;
}

<div
  class="c0"
>
  texto
</div>
`;
