// Vitest Snapshot v1, https://vitest.dev/guide/snapshot.html

exports[`<LogoLink /> > should match snapshot 1`] = `
.c0 {
  color: #000000;
  font-size: 2.4rem;
  text-transform: uppercase;
}

.c1 {
  display: flex;
  align-items: center;
  text-decoration: none;
  color: inherit;
}

.c1 >img {
  width: 15rem;
  height: 15rem;
  border-radius: 50%;
}

<h1
  class="c0"
>
  <a
    class="c1"
    href="#target"
    target="_self"
  >
    <img
      alt="text"
      src="image.jpg"
    />
  </a>
</h1>
`;
