// Vitest Snapshot v1, https://vitest.dev/guide/snapshot.html

exports[`<PostCard /> > should match snapshot 1`] = `
.c3 {
  color: #000000;
  line-height: 1.2;
  font-size: 2.4rem;
  text-transform: none;
}

.c0 .c2 {
  margin: 0;
  margin-top: calc(1.6rem - 0.6rem);
  margin-bottom: 1.6rem;
}

.c0 a {
  color: inherit;
}

.c0:hover a {
  color: #dc143c;
}

.c0:hover img {
  opacity: 0.8;
}

.c1 {
  max-width: 100%;
  transition: opacity 300ms ease-in-out;
}

<div>
  <div
    class="c0"
  >
    <a
      href="/post/6-papapa"
    >
      <img
        alt="6PAPAPA"
        class="c1"
        src="https://res.cloudinary.com/dccldzodg/image/upload/v1700490199/360_F_571067620_JS_5_T5_Tk_Dtu3gf8_Wqm78_Ko_JRF_1vob_Pvo6_1dff1a52c6.jpg"
      />
    </a>
    <h2
      class="c2 c3"
    >
      <a
        href="/post/6-papapa"
      >
        6PAPAPA
      </a>
    </h2>
    <p
      class=""
    >
      Lorem ipsum dolor sit amet, consectetur adipiscing elit.
    </p>
  </div>
</div>
`;
