// Vitest Snapshot v1, https://vitest.dev/guide/snapshot.html

exports[`<Heading /> > should match snapshot 1`] = `
.c0 {
  color: #000000;
  font-size: 6.4rem;
  text-transform: none;
}

@media (max-width: 768px) {
  .c0 {
    font-size: 4.0rem;
  }
}

<h1
  class="c0"
>
  texto
</h1>
`;
