// Vitest Snapshot v1, https://vitest.dev/guide/snapshot.html

exports[`<ArticleHeader /> > should render heading, excerpt, cover img and meta 1`] = `
.c5 {
  font-size: 1.6rem;
  color: #AAAAAA;
  font-style: italic;
}

.c5 .categories span::after {
  content: ", ";
}

.c5 .categories span:last-child::after {
  content: "";
}

.c5 a {
  text-decoration: none;
  transition: all 300ms ease-in-out;
}

.c5 a:hover {
  filter: brightness(50%);
}

.c2 {
  color: #000000;
  font-size: 4.0rem;
  text-transform: none;
}

.c0 {
  padding-bottom: 4.0rem;
  margin-bottom: 4.0rem;
  border-bottom: 0.1rem solid #DDDDDD;
}

.c0 .c1 {
  margin: 0;
  margin-bottom: 2.4rem;
}

.c3 {
  margin: 2.4rem 0;
}

.c4 {
  max-width: 100%;
  display: block;
  margin-bottom: 2.4rem;
}

<div>
  <header
    class="c0"
  >
    <h1
      class="c1 c2"
    >
      2PAPAPA
    </h1>
    <p
      class="c3"
    >
      <p>
        Lorem ipsum dolor sit amet, consectetur adipiscing elit. Vivamus porta augue quis ligula vehicula elementum. Pellentesque convallis hendrerit est a auctor.
      </p>
    </p>
    <img
      alt="2PAPAPA"
      class="c4"
      src="https://res.cloudinary.com/dccldzodg/image/upload/v1700489865/1213_78bc74760f.jpg"
    />
    <div
      class="c5"
    >
      <p>
        <span>
          Por 
        </span>
        <a
          href="/author/rodrigo-silva"
        >
          Rodrigo Silva
        </a>
        <span
          class="separator"
        >
           | 
        </span>
        <time
          datetime="2023-11-20T14:23:14.605Z"
        >
          20 de nov. de 2023
        </time>
        <span
          class="separator"
        >
           | 
        </span>
        <span
          class="categories"
        >
          <span>
            <a
              href="/category/python"
            >
              Python
            </a>
          </span>
        </span>
      </p>
    </div>
  </header>
</div>
`;
